// Jest Snapshot v1, https://goo.gl/fbAQLP

exports[`alias1 1`] = `
"type Ty1 = number;
"
`;

exports[`alias2 1`] = `
"export type Ty2 = string | null;
"
`;

exports[`alias3 1`] = `
"export type Ty3 = Ty2 | Ty1;
"
`;
