// Jest Snapshot v1, https://goo.gl/fbAQLP

exports[`enum1 1`] = `
"enum enum1 {
  A = \\"B\\",
  C = \\"D\\",
}
"
`;

exports[`enum2 1`] = `
"export enum enum2 {
  E = 0,
  F = 1,
}
"
`;
