// Jest Snapshot v1, https://goo.gl/fbAQLP

exports[`importAll1 1`] = `"import * as zzz from \\"YYY\\";"`;

exports[`importAll2 1`] = `"import * as aaa from \\"BbB\\";"`;

exports[`importAll3 1`] = `"import * as mmm from \\"./mmm\\";"`;

exports[`importDefault1 1`] = `"import xxx from \\"www\\";"`;

exports[`importDefault2 1`] = `"import fff from \\"./ddd\\";"`;

exports[`importDefault3 1`] = `"import ooo from \\"nnn\\";"`;

exports[`importRaw1 1`] = `"import \\"ZZZ\\";"`;

exports[`importRaw2 1`] = `"import \\"./p\\";"`;

exports[`importRaw3 1`] = `"import \\"aqe\\";"`;

exports[`importSome1 1`] = `
"import {
  B,
  c,
} from \\"a\\";"
`;

exports[`importSome2 1`] = `
"import {
  A,
  wA,
} from \\"./R\\";"
`;

exports[`importSome3 1`] = `
"import {
  g,
  r,
  z,
} from \\"./a\\";"
`;
