// Jest Snapshot v1, https://goo.gl/fbAQLP

exports[`interface1 1`] = `
"interface If1<T> {
  kind: \\"IF1\\";
}
"
`;

exports[`interface2 1`] = `
"export interface If2<T, V> extends interface1 {
  item: string;
}
"
`;

exports[`interface3 1`] = `
"export interface If3 extends interface1, interface2 {
  test: null | string;
  test2: If2;
}
"
`;
