// Jest Snapshot v1, https://goo.gl/fbAQLP

exports[`BasicVariable 1`] = `"const basicTest: string;"`;

exports[`ComplexVariable 1`] = `"export let complexTest: string | null = \\"complex test\\";"`;
